
SB-Cross Assembler version 3.03.06
Please visit www.sbprojects.net for a complete description.

Assembling....

Pass one
Loaded 1802 overlay version 3.01.01

Pass two
0000-                  1        *
0000-                  2        * Motor driver program 2 for COSMAC
0000-                  3        * SB-Assembler
0000-                  4        *
0000-                  5                .CR     1802    ;To load the 1802 cross overlay
0000-                  6                .OR     $0000
0000-                  7        *
0000-F8 10             8 (   2) START   LDI     #IOR    ;#IOR -> D
0002-A3                9 (   2)         PLO     3       ;D -> R(3).0
0003-E3               10 (   2)         SEX     3       ;3 -> X
0004-                 11        *
0004-7B               12 (   2)         SEQ             ;1 -> Q
0005-                 13        *
0005-94               14 (   2) LOOP1   GHI     4       ;R(4).1 -> D
0006-53               15 (   2)         STR     3       ;D -> M(R(3))
0007-64               16 (   2)         OUT     4       ;M(R(3)) -> BUS; R(3)++
0008-23               17 (   2)         DEC     3       ;R(3)--
0009-14               18 (   2)         INC     4       ;R(4)++
000A-                 19        *
000A-22               20 (   2) WAIT1   DEC     2       ;R(2)--
000B-92               21 (   2)         GHI     2       ;R(2).1 -> D
000C-3A 0A            22 (   2)         BNZ     WAIT1   ;IF D!=0 WAIT1
000E-                 23        *
000E-30 05            24 (   2)         BR      LOOP1   ;Branch to LOOP1
0010-                 25        *
0010-00               26        IOR     .DB     0       ;IO Register
0011-                 27
0011-                 28                .EN

0 Errors found during assembly.
0 Warnings found during assembly.

